
Workshops not listed here are placed on the build screen by a DFHack script.
This is a reference to help me keep things straight.

Unused:
I
J
V
Y

Used by vanilla:
M (millstone)

uranium				U
armorer				A
bonecarver			B
chemist				H
resource collector	R
unloading			L
electronics			E
machine shop		D
furniture assembler	F
gunsmith			G
mechanic			C
bookbinder			X
plastics			P
potters wheel		W
power plant			O
sawmill				S
splitting block		K
tailor				T
primitive workbench	Z
radio station		Q
memorial engraver	N
